// Vitest Snapshot v1, https://vitest.dev/guide/snapshot.html

exports[`canonical contract > canonical JSON matches snapshot 1`] = `
{
  "audit_id": "[UUID]",
  "client": {
    "cuit": null,
    "razon_social": "Fixture Form Técnico SA",
    "rubro": "Industria",
    "segment": "A",
  },
  "closed_at": "[CLOSED_AT]",
  "generated_at": "[GENERATED_AT]",
  "indices": {
    "erp": 0,
    "it": 100,
  },
  "market_data": {
    "empleados": 45,
    "erp_actual": "Tango Gestión",
    "modulos_tango": [
      "ventas",
      "stock",
    ],
    "proveedor_correo": "Google Workspace",
    "puestos": 30,
    "sedes": 2,
    "soporte_it_actual": "Interno",
  },
  "next_step": "Revisión trimestral",
  "quick_wins": [
    "Activar MFA en correo",
  ],
  "schema_version": "1.1",
  "sections": [
    {
      "code": "A1",
      "items": [
        {
          "attachments": [],
          "field_type": "bool",
          "item_id": "[UUID]",
          "label": "¿Existe inventario documentado de equipos?",
          "na": false,
          "observations": null,
          "value": null,
        },
        {
          "attachments": [],
          "field_type": "tri",
          "item_id": "[UUID]",
          "label": "¿El inventario está actualizado?",
          "na": false,
          "observations": null,
          "value": null,
        },
        {
          "attachments": [],
          "field_type": "table",
          "item_id": "[UUID]",
          "label": "Tabla de equipos relevados",
          "na": false,
          "observations": null,
          "value": null,
        },
        {
          "attachments": [],
          "field_type": "file_ref",
          "item_id": "[UUID]",
          "label": "Captura del inventario",
          "na": false,
          "observations": null,
          "value": null,
        },
      ],
      "observations": null,
      "score": null,
      "standard_ref": "CIS 1 · NIST: Identify",
      "template_code": "it",
      "title": "Inventario de activos / hardware",
      "weight": "muy_alto",
    },
    {
      "code": "B1",
      "items": [
        {
          "attachments": [],
          "field_type": "text",
          "item_id": "[UUID]",
          "label": "Versión / generación de Tango instalada (ej.: Delta, Delta 2)",
          "na": false,
          "observations": null,
          "value": null,
        },
        {
          "attachments": [],
          "field_type": "select",
          "item_id": "[UUID]",
          "label": "Modalidad de uso",
          "na": false,
          "observations": null,
          "value": null,
        },
        {
          "attachments": [],
          "field_type": "select",
          "item_id": "[UUID]",
          "label": "Brecha de versión vs. última liberada por Axoft",
          "na": false,
          "observations": null,
          "value": null,
        },
        {
          "attachments": [],
          "field_type": "bool",
          "item_id": "[UUID]",
          "label": "¿Garantía de actualización / abono Axoft vigente?",
          "na": false,
          "observations": null,
          "value": null,
        },
        {
          "attachments": [],
          "field_type": "select",
          "item_id": "[UUID]",
          "label": "Usuarios licenciados vs. usuarios activos reales",
          "na": false,
          "observations": null,
          "value": null,
        },
        {
          "attachments": [],
          "field_type": "tri",
          "item_id": "[UUID]",
          "label": "¿Hay un referente interno de Tango definido (key user)?",
          "na": false,
          "observations": null,
          "value": null,
        },
        {
          "attachments": [],
          "field_type": "tri",
          "item_id": "[UUID]",
          "label": "¿Parametrización general documentada (empresas, sucursales, talonarios, listas de precios)?",
          "na": false,
          "observations": null,
          "value": null,
        },
        {
          "attachments": [],
          "field_type": "bool",
          "item_id": "[UUID]",
          "label": "¿Operan multiempresa con módulo Central (si tienen más de una empresa)?",
          "na": false,
          "observations": null,
          "value": null,
        },
        {
          "attachments": [],
          "field_type": "text",
          "item_id": "[UUID]",
          "label": "Estudio contable externo: nombre y cómo trabaja (sobre Tango / le exportan datos)",
          "na": false,
          "observations": null,
          "value": null,
        },
      ],
      "observations": null,
      "score": null,
      "standard_ref": "ERP B1",
      "template_code": "erp-tango",
      "title": "Administración y parametrización",
      "weight": "muy_alto",
    },
    {
      "code": "A2",
      "items": [
        {
          "attachments": [],
          "field_type": "bool",
          "item_id": "[UUID]",
          "label": "¿Existe registro de software instalado?",
          "na": false,
          "observations": null,
          "value": null,
        },
        {
          "attachments": [
            "audits/[UUID]/A2/[UUID]",
          ],
          "field_type": "select",
          "item_id": "[UUID]",
          "label": "Nivel de control de licencias",
          "na": false,
          "observations": null,
          "score_contribution": 100,
          "value": "Controlado",
        },
      ],
      "observations": null,
      "score": 100,
      "score_basis": "auto",
      "standard_ref": "CIS 2 · NIST: Identify",
      "template_code": "it",
      "title": "Software / licencias",
      "weight": "alto",
    },
    {
      "code": "B2",
      "items": [
        {
          "attachments": [],
          "field_type": "tri",
          "item_id": "[UUID]",
          "label": "¿Facturación electrónica AFIP/ARCA integrada en Tango y al día con la normativa vigente?",
          "na": false,
          "observations": null,
          "value": null,
        },
        {
          "attachments": [],
          "field_type": "select",
          "item_id": "[UUID]",
          "label": "Circuito pedido → remito → factura → cobro",
          "na": false,
          "observations": null,
          "value": null,
        },
        {
          "attachments": [],
          "field_type": "bool",
          "item_id": "[UUID]",
          "label": "¿Todos los comprobantes de venta se emiten desde Tango (sin facturación paralela)?",
          "na": false,
          "observations": null,
          "value": null,
        },
        {
          "attachments": [],
          "field_type": "tri",
          "item_id": "[UUID]",
          "label": "¿Listas de precios y condiciones comerciales parametrizadas en el sistema?",
          "na": false,
          "observations": null,
          "value": null,
        },
        {
          "attachments": [],
          "field_type": "tri",
          "item_id": "[UUID]",
          "label": "¿Cuentas corrientes de clientes conciliadas y al día en Tango?",
          "na": false,
          "observations": null,
          "value": null,
        },
        {
          "attachments": [],
          "field_type": "tri",
          "item_id": "[UUID]",
          "label": "¿Usan informes de ventas de Tango (Live / Reportes) para decisiones comerciales?",
          "na": false,
          "observations": null,
          "value": null,
        },
        {
          "attachments": [],
          "field_type": "list",
          "item_id": "[UUID]",
          "label": "Tareas de ventas que hoy se resuelven a mano o en Excel",
          "na": false,
          "observations": null,
          "value": null,
        },
        {
          "attachments": [],
          "field_type": "text",
          "item_id": "[UUID]",
          "label": "Cuellos de botella detectados en el circuito de ventas",
          "na": false,
          "observations": null,
          "value": null,
        },
      ],
      "observations": null,
      "score": null,
      "standard_ref": "ERP B2",
      "template_code": "erp-tango",
      "title": "Ventas y facturación",
      "weight": "muy_alto",
    },
    {
      "code": "A3",
      "items": [
        {
          "attachments": [],
          "field_type": "tri",
          "item_id": "[UUID]",
          "label": "¿Hay política de clasificación de datos?",
          "na": false,
          "observations": null,
          "score_contribution": 100,
          "value": "si",
        },
        {
          "attachments": [],
          "field_type": "bool",
          "item_id": "[UUID]",
          "label": "¿Se aplican permisos por rol en carpetas críticas?",
          "na": false,
          "observations": null,
          "value": null,
        },
      ],
      "observations": null,
      "score": 100,
      "score_basis": "auto",
      "standard_ref": "CIS 3 · NIST: Protect",
      "template_code": "it",
      "title": "Gestión de datos",
      "weight": "alto",
    },
    {
      "code": "B3",
      "items": [
        {
          "attachments": [],
          "field_type": "select",
          "item_id": "[UUID]",
          "label": "Circuito orden de compra → recepción → factura → pago",
          "na": false,
          "observations": null,
          "value": null,
        },
        {
          "attachments": [],
          "field_type": "tri",
          "item_id": "[UUID]",
          "label": "¿Compras respaldadas por orden de compra en el sistema?",
          "na": false,
          "observations": null,
          "value": null,
        },
        {
          "attachments": [],
          "field_type": "tri",
          "item_id": "[UUID]",
          "label": "¿Control de recepción contra OC y factura de proveedor (matching)?",
          "na": false,
          "observations": null,
          "value": null,
        },
        {
          "attachments": [],
          "field_type": "tri",
          "item_id": "[UUID]",
          "label": "¿Cuentas corrientes de proveedores conciliadas y al día?",
          "na": false,
          "observations": null,
          "value": null,
        },
        {
          "attachments": [],
          "field_type": "bool",
          "item_id": "[UUID]",
          "label": "¿Percepciones y retenciones de compras configuradas y aplicadas desde Tango?",
          "na": false,
          "observations": null,
          "value": null,
        },
        {
          "attachments": [],
          "field_type": "text",
          "item_id": "[UUID]",
          "label": "Doble carga / reprocesos detectados en compras",
          "na": false,
          "observations": null,
          "value": null,
        },
      ],
      "observations": null,
      "score": null,
      "standard_ref": "ERP B3",
      "template_code": "erp-tango",
      "title": "Compras y proveedores",
      "weight": "muy_alto",
    },
    {
      "code": "A4",
      "items": [
        {
          "attachments": [],
          "field_type": "select",
          "item_id": "[UUID]",
          "label": "Endurecimiento de servidores",
          "na": false,
          "observations": null,
          "value": null,
        },
        {
          "attachments": [],
          "field_type": "bool",
          "item_id": "[UUID]",
          "label": "¿Se deshabilitan servicios innecesarios?",
          "na": false,
          "observations": null,
          "value": null,
        },
      ],
      "observations": null,
      "score": null,
      "standard_ref": "CIS 4 · NIST: Protect",
      "template_code": "it",
      "title": "Configuración segura",
      "weight": "alto",
    },
    {
      "code": "B4",
      "items": [
        {
          "attachments": [],
          "field_type": "tri",
          "item_id": "[UUID]",
          "label": "¿El stock del sistema refleja el stock físico (la operación confía en Tango)?",
          "na": false,
          "observations": null,
          "value": null,
        },
        {
          "attachments": [],
          "field_type": "tri",
          "item_id": "[UUID]",
          "label": "¿Movimientos de stock registrados en tiempo real (no se cargan en diferido)?",
          "na": false,
          "observations": null,
          "value": null,
        },
        {
          "attachments": [],
          "field_type": "select",
          "item_id": "[UUID]",
          "label": "Inventarios / conteos físicos",
          "na": false,
          "observations": null,
          "value": null,
        },
        {
          "attachments": [],
          "field_type": "tri",
          "item_id": "[UUID]",
          "label": "¿Artículos codificados con criterio único (sin duplicados)?",
          "na": false,
          "observations": null,
          "value": null,
        },
        {
          "attachments": [],
          "field_type": "bool",
          "item_id": "[UUID]",
          "label": "¿Depósitos / sucursales de stock reflejados en Tango (multidepósito)?",
          "na": false,
          "observations": null,
          "value": null,
        },
        {
          "attachments": [],
          "field_type": "text",
          "item_id": "[UUID]",
          "label": "Diferencias de inventario típicas y causas detectadas",
          "na": false,
          "observations": null,
          "value": null,
        },
      ],
      "observations": null,
      "score": null,
      "standard_ref": "ERP B4",
      "template_code": "erp-tango",
      "title": "Stock e inventarios",
      "weight": "alto",
    },
    {
      "code": "A5",
      "items": [
        {
          "attachments": [],
          "field_type": "bool",
          "item_id": "[UUID]",
          "label": "¿Existe proceso formal de altas/bajas de usuarios?",
          "na": false,
          "observations": null,
          "value": null,
        },
        {
          "attachments": [],
          "field_type": "tri",
          "item_id": "[UUID]",
          "label": "¿Se revisan permisos periódicamente?",
          "na": false,
          "observations": null,
          "value": null,
        },
      ],
      "observations": null,
      "score": null,
      "standard_ref": "CIS 5 · NIST: Protect",
      "template_code": "it",
      "title": "Control de acceso",
      "weight": "muy_alto",
    },
    {
      "code": "B5",
      "items": [
        {
          "attachments": [],
          "field_type": "tri",
          "item_id": "[UUID]",
          "label": "¿Usan el módulo Tesorería/Fondos para cajas y bancos?",
          "na": false,
          "observations": null,
          "value": null,
        },
        {
          "attachments": [],
          "field_type": "tri",
          "item_id": "[UUID]",
          "label": "¿Conciliación bancaria hecha en Tango y al día?",
          "na": false,
          "observations": null,
          "value": null,
        },
        {
          "attachments": [],
          "field_type": "select",
          "item_id": "[UUID]",
          "label": "Posición financiera / cash flow",
          "na": false,
          "observations": null,
          "value": null,
        },
        {
          "attachments": [],
          "field_type": "bool",
          "item_id": "[UUID]",
          "label": "¿Cheques y valores administrados desde el sistema?",
          "na": false,
          "observations": null,
          "value": null,
        },
        {
          "attachments": [],
          "field_type": "tri",
          "item_id": "[UUID]",
          "label": "¿Cobranzas con medios de pago electrónicos integradas (Tango Cobranzas u otro)?",
          "na": false,
          "observations": null,
          "value": null,
        },
        {
          "attachments": [],
          "field_type": "text",
          "item_id": "[UUID]",
          "label": "Circuito de pagos: quién autoriza y cómo se registra",
          "na": false,
          "observations": null,
          "value": null,
        },
      ],
      "observations": null,
      "score": null,
      "standard_ref": "ERP B5",
      "template_code": "erp-tango",
      "title": "Tesorería",
      "weight": "alto",
    },
    {
      "code": "A6",
      "items": [
        {
          "attachments": [],
          "field_type": "select",
          "item_id": "[UUID]",
          "label": "Política de contraseñas",
          "na": false,
          "observations": null,
          "value": null,
        },
        {
          "attachments": [],
          "field_type": "bool",
          "item_id": "[UUID]",
          "label": "¿MFA habilitado en servicios críticos?",
          "na": false,
          "observations": null,
          "value": null,
        },
      ],
      "observations": null,
      "score": null,
      "standard_ref": "CIS 6 · NIST: Protect",
      "template_code": "it",
      "title": "Protección de cuentas",
      "weight": "muy_alto",
    },
    {
      "code": "B6",
      "items": [
        {
          "attachments": [],
          "field_type": "tri",
          "item_id": "[UUID]",
          "label": "¿Liquidan sueldos con el módulo Sueldos de Tango?",
          "na": false,
          "observations": null,
          "value": null,
        },
        {
          "attachments": [],
          "field_type": "bool",
          "item_id": "[UUID]",
          "label": "¿Libro de sueldos y F.931 se generan desde el sistema?",
          "na": false,
          "observations": null,
          "value": null,
        },
        {
          "attachments": [],
          "field_type": "tri",
          "item_id": "[UUID]",
          "label": "¿Convenios y conceptos de liquidación parametrizados al día?",
          "na": false,
          "observations": null,
          "value": null,
        },
        {
          "attachments": [],
          "field_type": "select",
          "item_id": "[UUID]",
          "label": "Control de asistencia",
          "na": false,
          "observations": null,
          "value": null,
        },
        {
          "attachments": [],
          "field_type": "text",
          "item_id": "[UUID]",
          "label": "Dolores en la liquidación (tiempos, errores, reclamos)",
          "na": false,
          "observations": null,
          "value": null,
        },
      ],
      "observations": null,
      "score": null,
      "standard_ref": "ERP B6",
      "template_code": "erp-tango",
      "title": "Sueldos y RRHH",
      "weight": "medio",
    },
    {
      "code": "A7",
      "items": [
        {
          "attachments": [],
          "field_type": "tri",
          "item_id": "[UUID]",
          "label": "¿Se aplican parches de seguridad periódicamente?",
          "na": false,
          "observations": null,
          "value": null,
        },
        {
          "attachments": [],
          "field_type": "number",
          "item_id": "[UUID]",
          "label": "Días promedio de demora en parches críticos",
          "na": false,
          "observations": null,
          "value": null,
        },
      ],
      "observations": null,
      "score": null,
      "standard_ref": "CIS 7 · NIST: Detect",
      "template_code": "it",
      "title": "Gestión de vulnerabilidades",
      "weight": "alto",
    },
    {
      "code": "B7",
      "items": [
        {
          "attachments": [],
          "field_type": "tri",
          "item_id": "[UUID]",
          "label": "¿Gestionan producción / armado dentro de Tango?",
          "na": false,
          "observations": null,
          "value": null,
        },
        {
          "attachments": [],
          "field_type": "tri",
          "item_id": "[UUID]",
          "label": "¿Costos de productos actualizados en el sistema?",
          "na": false,
          "observations": null,
          "value": null,
        },
        {
          "attachments": [],
          "field_type": "select",
          "item_id": "[UUID]",
          "label": "Cálculo de rentabilidad por producto / línea",
          "na": false,
          "observations": null,
          "value": null,
        },
        {
          "attachments": [],
          "field_type": "text",
          "item_id": "[UUID]",
          "label": "Procesos productivos que corren fuera del sistema",
          "na": false,
          "observations": null,
          "value": null,
        },
      ],
      "observations": null,
      "score": null,
      "standard_ref": "ERP B7",
      "template_code": "erp-tango",
      "title": "Producción / costos",
      "weight": "medio",
    },
    {
      "code": "A8",
      "items": [
        {
          "attachments": [],
          "field_type": "bool",
          "item_id": "[UUID]",
          "label": "¿Hay centralización de logs?",
          "na": false,
          "observations": null,
          "value": null,
        },
        {
          "attachments": [],
          "field_type": "tri",
          "item_id": "[UUID]",
          "label": "¿Se revisan alertas de seguridad?",
          "na": false,
          "observations": null,
          "value": null,
        },
      ],
      "observations": null,
      "score": null,
      "standard_ref": "CIS 8 · NIST: Detect",
      "template_code": "it",
      "title": "Registro y monitoreo",
      "weight": "alto",
    },
    {
      "code": "B8",
      "items": [
        {
          "attachments": [],
          "field_type": "multiselect",
          "item_id": "[UUID]",
          "label": "Apps Tango Nexo activas",
          "na": false,
          "observations": null,
          "value": null,
        },
        {
          "attachments": [],
          "field_type": "tri",
          "item_id": "[UUID]",
          "label": "¿Aprovechan las apps Nexo gratuitas (Reportes, Tablero, Backup, Update)?",
          "na": false,
          "observations": null,
          "value": null,
        },
        {
          "attachments": [],
          "field_type": "tri",
          "item_id": "[UUID]",
          "label": "¿Integración con e-commerce resuelta (Tango Tiendas / API / conector)?",
          "na": false,
          "observations": null,
          "value": null,
        },
        {
          "attachments": [],
          "field_type": "tri",
          "item_id": "[UUID]",
          "label": "¿Intercambio con bancos y medios de pago integrado (sin retipeo)?",
          "na": false,
          "observations": null,
          "value": null,
        },
        {
          "attachments": [],
          "field_type": "select",
          "item_id": "[UUID]",
          "label": "Personalizaciones a medida y riesgo de actualización",
          "na": false,
          "observations": null,
          "value": null,
        },
        {
          "attachments": [],
          "field_type": "list",
          "item_id": "[UUID]",
          "label": "Necesidades de integración no resueltas (oportunidades)",
          "na": false,
          "observations": null,
          "value": null,
        },
        {
          "attachments": [],
          "field_type": "text",
          "item_id": "[UUID]",
          "label": "Exportaciones / importaciones manuales con Excel (qué y con qué frecuencia)",
          "na": false,
          "observations": null,
          "value": null,
        },
      ],
      "observations": null,
      "score": null,
      "standard_ref": "ERP B8",
      "template_code": "erp-tango",
      "title": "Integraciones y Nexo",
      "weight": "medio",
    },
    {
      "code": "A9",
      "items": [
        {
          "attachments": [],
          "field_type": "select",
          "item_id": "[UUID]",
          "label": "Antivirus/EDR en endpoints",
          "na": false,
          "observations": null,
          "value": null,
        },
      ],
      "observations": null,
      "score": null,
      "standard_ref": "CIS 10 · NIST: Protect",
      "template_code": "it",
      "title": "Protección contra malware",
      "weight": "alto",
    },
    {
      "code": "B9",
      "items": [
        {
          "attachments": [],
          "field_type": "tri",
          "item_id": "[UUID]",
          "label": "¿Perfiles y permisos por usuario definidos en Tango?",
          "na": false,
          "observations": null,
          "value": null,
        },
        {
          "attachments": [],
          "field_type": "tri",
          "item_id": "[UUID]",
          "label": "¿Segregación de funciones: quien factura ≠ quien cobra ≠ quien concilia?",
          "na": false,
          "observations": null,
          "value": null,
        },
        {
          "attachments": [],
          "field_type": "bool",
          "item_id": "[UUID]",
          "label": "¿Cada operador usa su propio usuario (sin cuentas compartidas)?",
          "na": false,
          "observations": null,
          "value": null,
        },
        {
          "attachments": [],
          "field_type": "tri",
          "item_id": "[UUID]",
          "label": "¿Permisos totales (administrador) limitados a quienes corresponde?",
          "na": false,
          "observations": null,
          "value": null,
        },
        {
          "attachments": [],
          "field_type": "tri",
          "item_id": "[UUID]",
          "label": "¿Trazabilidad / auditoría de operaciones activada en Tango?",
          "na": false,
          "observations": null,
          "value": null,
        },
        {
          "attachments": [],
          "field_type": "tri",
          "item_id": "[UUID]",
          "label": "¿Respaldo específico de la base Tango configurado y probado (Tango Backup u otro)?",
          "na": false,
          "observations": null,
          "value": null,
        },
        {
          "attachments": [],
          "field_type": "text",
          "item_id": "[UUID]",
          "label": "Incidentes o riesgos de seguridad detectados en el ERP",
          "na": false,
          "observations": null,
          "value": null,
        },
      ],
      "observations": null,
      "score": null,
      "standard_ref": "ERP B9",
      "template_code": "erp-tango",
      "title": "Seguridad y usuarios Tango",
      "weight": "medio",
    },
    {
      "code": "A10",
      "items": [
        {
          "attachments": [],
          "field_type": "bool",
          "item_id": "[UUID]",
          "label": "¿Existen backups automatizados?",
          "na": false,
          "observations": null,
          "value": null,
        },
        {
          "attachments": [],
          "field_type": "tri",
          "item_id": "[UUID]",
          "label": "¿Se prueban restauraciones periódicamente?",
          "na": false,
          "observations": null,
          "value": null,
        },
        {
          "attachments": [],
          "field_type": "list",
          "item_id": "[UUID]",
          "label": "Lista de gaps de backup detectados",
          "na": false,
          "observations": null,
          "value": null,
        },
      ],
      "observations": null,
      "score": null,
      "standard_ref": "CIS 11 · NIST: Recover",
      "template_code": "it",
      "title": "Recuperación de datos / backups",
      "weight": "muy_alto",
    },
    {
      "code": "A11",
      "items": [
        {
          "attachments": [],
          "field_type": "select",
          "item_id": "[UUID]",
          "label": "Segmentación de red",
          "na": false,
          "observations": null,
          "value": null,
        },
        {
          "attachments": [],
          "field_type": "bool",
          "item_id": "[UUID]",
          "label": "¿Firewall perimetral activo?",
          "na": false,
          "observations": null,
          "value": null,
        },
      ],
      "observations": null,
      "score": null,
      "standard_ref": "CIS 12 · NIST: Protect",
      "template_code": "it",
      "title": "Seguridad de red",
      "weight": "muy_alto",
    },
    {
      "code": "A12",
      "items": [
        {
          "attachments": [],
          "field_type": "tri",
          "item_id": "[UUID]",
          "label": "¿Reglas de firewall documentadas y revisadas?",
          "na": false,
          "observations": null,
          "value": null,
        },
        {
          "attachments": [],
          "field_type": "bool",
          "item_id": "[UUID]",
          "label": "¿Hay filtrado de salida a internet?",
          "na": false,
          "observations": null,
          "value": null,
        },
      ],
      "observations": null,
      "score": null,
      "standard_ref": "CIS 13 · NIST: Protect",
      "template_code": "it",
      "title": "Seguridad perimetral",
      "weight": "alto",
    },
    {
      "code": "A13",
      "items": [
        {
          "attachments": [],
          "field_type": "select",
          "item_id": "[UUID]",
          "label": "Estándar WiFi corporativo",
          "na": false,
          "observations": null,
          "value": null,
        },
      ],
      "observations": null,
      "score": null,
      "standard_ref": "CIS 15 · NIST: Protect",
      "template_code": "it",
      "title": "Seguridad wireless",
      "weight": "medio",
    },
    {
      "code": "A14",
      "items": [
        {
          "attachments": [],
          "field_type": "tri",
          "item_id": "[UUID]",
          "label": "¿Capacitación periódica en ciberseguridad?",
          "na": false,
          "observations": null,
          "value": null,
        },
        {
          "attachments": [],
          "field_type": "money",
          "item_id": "[UUID]",
          "label": "Costo mensual estimado shadow IT",
          "na": false,
          "observations": null,
          "value": null,
        },
      ],
      "observations": null,
      "score": null,
      "standard_ref": "CIS 14 · NIST: Protect",
      "template_code": "it",
      "title": "Formación y concienciación",
      "weight": "medio",
    },
  ],
  "templates": [
    {
      "code": "erp-tango",
      "version": "v3",
    },
    {
      "code": "it",
      "version": "v2",
    },
  ],
  "top_risks": [
    {
      "severity": "alta",
      "text": "Backup sin probar",
    },
  ],
  "types": [
    "it",
    "erp-tango",
  ],
  "upsell_findings": [
    {
      "internal": true,
      "text": "Renovar servidores EOL",
    },
  ],
}
`;
