// Vitest Snapshot v1, https://vitest.dev/guide/snapshot.html

exports[`canonical contract > canonical JSON matches snapshot 1`] = `
{
  "audit_id": "[UUID]",
  "client": {
    "cuit": null,
    "razon_social": "Fixture Form Técnico SA",
    "rubro": "Industria",
    "segment": "A",
  },
  "closed_at": "[CLOSED_AT]",
  "generated_at": "[GENERATED_AT]",
  "indices": {
    "erp": 0,
    "it": 100,
  },
  "market_data": {
    "empleados": 45,
    "erp_actual": "Tango Gestión",
    "modulos_tango": [
      "ventas",
      "stock",
    ],
    "proveedor_correo": "Google Workspace",
    "puestos": 30,
    "sedes": 2,
    "soporte_it_actual": "Interno",
  },
  "next_step": "Revisión trimestral",
  "quick_wins": [
    "Activar MFA en correo",
  ],
  "schema_version": "1.0",
  "sections": [
    {
      "code": "A1",
      "items": [
        {
          "attachments": [],
          "field_type": "bool",
          "item_id": "[UUID]",
          "label": "¿Existe inventario documentado de equipos?",
          "na": false,
          "observations": null,
          "value": null,
        },
        {
          "attachments": [],
          "field_type": "tri",
          "item_id": "[UUID]",
          "label": "¿El inventario está actualizado?",
          "na": false,
          "observations": null,
          "value": null,
        },
        {
          "attachments": [],
          "field_type": "table",
          "item_id": "[UUID]",
          "label": "Tabla de equipos relevados",
          "na": false,
          "observations": null,
          "value": null,
        },
        {
          "attachments": [],
          "field_type": "file_ref",
          "item_id": "[UUID]",
          "label": "Captura del inventario",
          "na": false,
          "observations": null,
          "value": null,
        },
      ],
      "observations": null,
      "score": null,
      "standard_ref": "CIS 1 · NIST: Identify",
      "title": "Inventario de activos / hardware",
      "weight": "muy_alto",
    },
    {
      "code": "B1",
      "items": [
        {
          "attachments": [],
          "field_type": "tri",
          "item_id": "[UUID]",
          "label": "¿Proceso Administración y parametrización documentado?",
          "na": false,
          "observations": null,
          "value": null,
        },
        {
          "attachments": [],
          "field_type": "bool",
          "item_id": "[UUID]",
          "label": "¿Controles internos aplicados en Administración y parametrización?",
          "na": false,
          "observations": null,
          "value": null,
        },
        {
          "attachments": [],
          "field_type": "select",
          "item_id": "[UUID]",
          "label": "Madurez operativa — Administración y parametrización",
          "na": false,
          "observations": null,
          "value": null,
        },
      ],
      "observations": null,
      "score": null,
      "standard_ref": "ERP B1",
      "title": "Administración y parametrización",
      "weight": "muy_alto",
    },
    {
      "code": "A2",
      "items": [
        {
          "attachments": [],
          "field_type": "bool",
          "item_id": "[UUID]",
          "label": "¿Existe registro de software instalado?",
          "na": false,
          "observations": null,
          "value": null,
        },
        {
          "attachments": [
            "audits/[UUID]/A2/[UUID]",
          ],
          "field_type": "select",
          "item_id": "[UUID]",
          "label": "Nivel de control de licencias",
          "na": false,
          "observations": null,
          "score_contribution": 100,
          "value": "Controlado",
        },
      ],
      "observations": null,
      "score": 100,
      "score_basis": "auto",
      "standard_ref": "CIS 2 · NIST: Identify",
      "title": "Software / licencias",
      "weight": "alto",
    },
    {
      "code": "B2",
      "items": [
        {
          "attachments": [],
          "field_type": "tri",
          "item_id": "[UUID]",
          "label": "¿Proceso Ventas y facturación documentado?",
          "na": false,
          "observations": null,
          "value": null,
        },
        {
          "attachments": [],
          "field_type": "bool",
          "item_id": "[UUID]",
          "label": "¿Controles internos aplicados en Ventas y facturación?",
          "na": false,
          "observations": null,
          "value": null,
        },
        {
          "attachments": [],
          "field_type": "select",
          "item_id": "[UUID]",
          "label": "Madurez operativa — Ventas y facturación",
          "na": false,
          "observations": null,
          "value": null,
        },
      ],
      "observations": null,
      "score": null,
      "standard_ref": "ERP B2",
      "title": "Ventas y facturación",
      "weight": "muy_alto",
    },
    {
      "code": "A3",
      "items": [
        {
          "attachments": [],
          "field_type": "tri",
          "item_id": "[UUID]",
          "label": "¿Hay política de clasificación de datos?",
          "na": false,
          "observations": null,
          "score_contribution": 100,
          "value": "si",
        },
        {
          "attachments": [],
          "field_type": "bool",
          "item_id": "[UUID]",
          "label": "¿Se aplican permisos por rol en carpetas críticas?",
          "na": false,
          "observations": null,
          "value": null,
        },
      ],
      "observations": null,
      "score": 100,
      "score_basis": "auto",
      "standard_ref": "CIS 3 · NIST: Protect",
      "title": "Gestión de datos",
      "weight": "alto",
    },
    {
      "code": "B3",
      "items": [
        {
          "attachments": [],
          "field_type": "tri",
          "item_id": "[UUID]",
          "label": "¿Proceso Compras y proveedores documentado?",
          "na": false,
          "observations": null,
          "value": null,
        },
        {
          "attachments": [],
          "field_type": "bool",
          "item_id": "[UUID]",
          "label": "¿Controles internos aplicados en Compras y proveedores?",
          "na": false,
          "observations": null,
          "value": null,
        },
        {
          "attachments": [],
          "field_type": "select",
          "item_id": "[UUID]",
          "label": "Madurez operativa — Compras y proveedores",
          "na": false,
          "observations": null,
          "value": null,
        },
      ],
      "observations": null,
      "score": null,
      "standard_ref": "ERP B3",
      "title": "Compras y proveedores",
      "weight": "muy_alto",
    },
    {
      "code": "A4",
      "items": [
        {
          "attachments": [],
          "field_type": "select",
          "item_id": "[UUID]",
          "label": "Endurecimiento de servidores",
          "na": false,
          "observations": null,
          "value": null,
        },
        {
          "attachments": [],
          "field_type": "bool",
          "item_id": "[UUID]",
          "label": "¿Se deshabilitan servicios innecesarios?",
          "na": false,
          "observations": null,
          "value": null,
        },
      ],
      "observations": null,
      "score": null,
      "standard_ref": "CIS 4 · NIST: Protect",
      "title": "Configuración segura",
      "weight": "alto",
    },
    {
      "code": "B4",
      "items": [
        {
          "attachments": [],
          "field_type": "tri",
          "item_id": "[UUID]",
          "label": "¿Proceso Stock e inventarios documentado?",
          "na": false,
          "observations": null,
          "value": null,
        },
        {
          "attachments": [],
          "field_type": "bool",
          "item_id": "[UUID]",
          "label": "¿Controles internos aplicados en Stock e inventarios?",
          "na": false,
          "observations": null,
          "value": null,
        },
        {
          "attachments": [],
          "field_type": "select",
          "item_id": "[UUID]",
          "label": "Madurez operativa — Stock e inventarios",
          "na": false,
          "observations": null,
          "value": null,
        },
      ],
      "observations": null,
      "score": null,
      "standard_ref": "ERP B4",
      "title": "Stock e inventarios",
      "weight": "alto",
    },
    {
      "code": "A5",
      "items": [
        {
          "attachments": [],
          "field_type": "bool",
          "item_id": "[UUID]",
          "label": "¿Existe proceso formal de altas/bajas de usuarios?",
          "na": false,
          "observations": null,
          "value": null,
        },
        {
          "attachments": [],
          "field_type": "tri",
          "item_id": "[UUID]",
          "label": "¿Se revisan permisos periódicamente?",
          "na": false,
          "observations": null,
          "value": null,
        },
      ],
      "observations": null,
      "score": null,
      "standard_ref": "CIS 5 · NIST: Protect",
      "title": "Control de acceso",
      "weight": "muy_alto",
    },
    {
      "code": "B5",
      "items": [
        {
          "attachments": [],
          "field_type": "tri",
          "item_id": "[UUID]",
          "label": "¿Proceso Tesorería documentado?",
          "na": false,
          "observations": null,
          "value": null,
        },
        {
          "attachments": [],
          "field_type": "bool",
          "item_id": "[UUID]",
          "label": "¿Controles internos aplicados en Tesorería?",
          "na": false,
          "observations": null,
          "value": null,
        },
        {
          "attachments": [],
          "field_type": "select",
          "item_id": "[UUID]",
          "label": "Madurez operativa — Tesorería",
          "na": false,
          "observations": null,
          "value": null,
        },
      ],
      "observations": null,
      "score": null,
      "standard_ref": "ERP B5",
      "title": "Tesorería",
      "weight": "alto",
    },
    {
      "code": "A6",
      "items": [
        {
          "attachments": [],
          "field_type": "select",
          "item_id": "[UUID]",
          "label": "Política de contraseñas",
          "na": false,
          "observations": null,
          "value": null,
        },
        {
          "attachments": [],
          "field_type": "bool",
          "item_id": "[UUID]",
          "label": "¿MFA habilitado en servicios críticos?",
          "na": false,
          "observations": null,
          "value": null,
        },
      ],
      "observations": null,
      "score": null,
      "standard_ref": "CIS 6 · NIST: Protect",
      "title": "Protección de cuentas",
      "weight": "muy_alto",
    },
    {
      "code": "B6",
      "items": [
        {
          "attachments": [],
          "field_type": "tri",
          "item_id": "[UUID]",
          "label": "¿Proceso Sueldos y RRHH documentado?",
          "na": false,
          "observations": null,
          "value": null,
        },
        {
          "attachments": [],
          "field_type": "bool",
          "item_id": "[UUID]",
          "label": "¿Controles internos aplicados en Sueldos y RRHH?",
          "na": false,
          "observations": null,
          "value": null,
        },
        {
          "attachments": [],
          "field_type": "select",
          "item_id": "[UUID]",
          "label": "Madurez operativa — Sueldos y RRHH",
          "na": false,
          "observations": null,
          "value": null,
        },
      ],
      "observations": null,
      "score": null,
      "standard_ref": "ERP B6",
      "title": "Sueldos y RRHH",
      "weight": "medio",
    },
    {
      "code": "A7",
      "items": [
        {
          "attachments": [],
          "field_type": "tri",
          "item_id": "[UUID]",
          "label": "¿Se aplican parches de seguridad periódicamente?",
          "na": false,
          "observations": null,
          "value": null,
        },
        {
          "attachments": [],
          "field_type": "number",
          "item_id": "[UUID]",
          "label": "Días promedio de demora en parches críticos",
          "na": false,
          "observations": null,
          "value": null,
        },
      ],
      "observations": null,
      "score": null,
      "standard_ref": "CIS 7 · NIST: Detect",
      "title": "Gestión de vulnerabilidades",
      "weight": "alto",
    },
    {
      "code": "B7",
      "items": [
        {
          "attachments": [],
          "field_type": "tri",
          "item_id": "[UUID]",
          "label": "¿Proceso Producción / costos documentado?",
          "na": false,
          "observations": null,
          "value": null,
        },
        {
          "attachments": [],
          "field_type": "bool",
          "item_id": "[UUID]",
          "label": "¿Controles internos aplicados en Producción / costos?",
          "na": false,
          "observations": null,
          "value": null,
        },
        {
          "attachments": [],
          "field_type": "select",
          "item_id": "[UUID]",
          "label": "Madurez operativa — Producción / costos",
          "na": false,
          "observations": null,
          "value": null,
        },
      ],
      "observations": null,
      "score": null,
      "standard_ref": "ERP B7",
      "title": "Producción / costos",
      "weight": "medio",
    },
    {
      "code": "A8",
      "items": [
        {
          "attachments": [],
          "field_type": "bool",
          "item_id": "[UUID]",
          "label": "¿Hay centralización de logs?",
          "na": false,
          "observations": null,
          "value": null,
        },
        {
          "attachments": [],
          "field_type": "tri",
          "item_id": "[UUID]",
          "label": "¿Se revisan alertas de seguridad?",
          "na": false,
          "observations": null,
          "value": null,
        },
      ],
      "observations": null,
      "score": null,
      "standard_ref": "CIS 8 · NIST: Detect",
      "title": "Registro y monitoreo",
      "weight": "alto",
    },
    {
      "code": "B8",
      "items": [
        {
          "attachments": [],
          "field_type": "tri",
          "item_id": "[UUID]",
          "label": "¿Proceso Integraciones y Nexo documentado?",
          "na": false,
          "observations": null,
          "value": null,
        },
        {
          "attachments": [],
          "field_type": "bool",
          "item_id": "[UUID]",
          "label": "¿Controles internos aplicados en Integraciones y Nexo?",
          "na": false,
          "observations": null,
          "value": null,
        },
        {
          "attachments": [],
          "field_type": "select",
          "item_id": "[UUID]",
          "label": "Madurez operativa — Integraciones y Nexo",
          "na": false,
          "observations": null,
          "value": null,
        },
      ],
      "observations": null,
      "score": null,
      "standard_ref": "ERP B8",
      "title": "Integraciones y Nexo",
      "weight": "medio",
    },
    {
      "code": "A9",
      "items": [
        {
          "attachments": [],
          "field_type": "select",
          "item_id": "[UUID]",
          "label": "Antivirus/EDR en endpoints",
          "na": false,
          "observations": null,
          "value": null,
        },
      ],
      "observations": null,
      "score": null,
      "standard_ref": "CIS 10 · NIST: Protect",
      "title": "Protección contra malware",
      "weight": "alto",
    },
    {
      "code": "B9",
      "items": [
        {
          "attachments": [],
          "field_type": "tri",
          "item_id": "[UUID]",
          "label": "¿Proceso Seguridad y usuarios Tango documentado?",
          "na": false,
          "observations": null,
          "value": null,
        },
        {
          "attachments": [],
          "field_type": "bool",
          "item_id": "[UUID]",
          "label": "¿Controles internos aplicados en Seguridad y usuarios Tango?",
          "na": false,
          "observations": null,
          "value": null,
        },
        {
          "attachments": [],
          "field_type": "select",
          "item_id": "[UUID]",
          "label": "Madurez operativa — Seguridad y usuarios Tango",
          "na": false,
          "observations": null,
          "value": null,
        },
      ],
      "observations": null,
      "score": null,
      "standard_ref": "ERP B9",
      "title": "Seguridad y usuarios Tango",
      "weight": "medio",
    },
    {
      "code": "A10",
      "items": [
        {
          "attachments": [],
          "field_type": "bool",
          "item_id": "[UUID]",
          "label": "¿Existen backups automatizados?",
          "na": false,
          "observations": null,
          "value": null,
        },
        {
          "attachments": [],
          "field_type": "tri",
          "item_id": "[UUID]",
          "label": "¿Se prueban restauraciones periódicamente?",
          "na": false,
          "observations": null,
          "value": null,
        },
        {
          "attachments": [],
          "field_type": "list",
          "item_id": "[UUID]",
          "label": "Lista de gaps de backup detectados",
          "na": false,
          "observations": null,
          "value": null,
        },
      ],
      "observations": null,
      "score": null,
      "standard_ref": "CIS 11 · NIST: Recover",
      "title": "Recuperación de datos / backups",
      "weight": "muy_alto",
    },
    {
      "code": "A11",
      "items": [
        {
          "attachments": [],
          "field_type": "select",
          "item_id": "[UUID]",
          "label": "Segmentación de red",
          "na": false,
          "observations": null,
          "value": null,
        },
        {
          "attachments": [],
          "field_type": "bool",
          "item_id": "[UUID]",
          "label": "¿Firewall perimetral activo?",
          "na": false,
          "observations": null,
          "value": null,
        },
      ],
      "observations": null,
      "score": null,
      "standard_ref": "CIS 12 · NIST: Protect",
      "title": "Seguridad de red",
      "weight": "muy_alto",
    },
    {
      "code": "A12",
      "items": [
        {
          "attachments": [],
          "field_type": "tri",
          "item_id": "[UUID]",
          "label": "¿Reglas de firewall documentadas y revisadas?",
          "na": false,
          "observations": null,
          "value": null,
        },
        {
          "attachments": [],
          "field_type": "bool",
          "item_id": "[UUID]",
          "label": "¿Hay filtrado de salida a internet?",
          "na": false,
          "observations": null,
          "value": null,
        },
      ],
      "observations": null,
      "score": null,
      "standard_ref": "CIS 13 · NIST: Protect",
      "title": "Seguridad perimetral",
      "weight": "alto",
    },
    {
      "code": "A13",
      "items": [
        {
          "attachments": [],
          "field_type": "select",
          "item_id": "[UUID]",
          "label": "Estándar WiFi corporativo",
          "na": false,
          "observations": null,
          "value": null,
        },
      ],
      "observations": null,
      "score": null,
      "standard_ref": "CIS 15 · NIST: Protect",
      "title": "Seguridad wireless",
      "weight": "medio",
    },
    {
      "code": "A14",
      "items": [
        {
          "attachments": [],
          "field_type": "tri",
          "item_id": "[UUID]",
          "label": "¿Capacitación periódica en ciberseguridad?",
          "na": false,
          "observations": null,
          "value": null,
        },
        {
          "attachments": [],
          "field_type": "money",
          "item_id": "[UUID]",
          "label": "Costo mensual estimado shadow IT",
          "na": false,
          "observations": null,
          "value": null,
        },
      ],
      "observations": null,
      "score": null,
      "standard_ref": "CIS 14 · NIST: Protect",
      "title": "Formación y concienciación",
      "weight": "medio",
    },
  ],
  "templates": [
    {
      "code": "erp-tango",
      "version": "v2",
    },
    {
      "code": "it",
      "version": "v2",
    },
  ],
  "top_risks": [
    {
      "severity": "alta",
      "text": "Backup sin probar",
    },
  ],
  "types": [
    "it",
    "erp-tango",
  ],
  "upsell_findings": [
    {
      "internal": true,
      "text": "Renovar servidores EOL",
    },
  ],
}
`;
