// Vitest Snapshot v1, https://vitest.dev/guide/snapshot.html

exports[`informe web render (R10, R11, R12) > snapshot estable del render web 1`] = `
"
<style>
.informe-web { font-family: var(--sys-font, 'Montserrat', Arial, sans-serif); background: linear-gradient(160deg, var(--sys-azul-profundo) 0%, #0d2035 55%, var(--sys-azul-medio) 100%) fixed; color: rgba(255,255,255,0.88); overflow-x: hidden; min-height: 100vh; --ease: cubic-bezier(0.33,1,0.68,1); }
.informe-web *, .informe-web *::before, .informe-web *::after { margin:0; padding:0; box-sizing:border-box; }
.informe-web .prog { position:fixed; top:0; left:0; height:3px; width:0%; background:linear-gradient(90deg,var(--sys-azul-electrico),var(--sys-celeste)); z-index:9999; transition:width .08s linear; pointer-events:none; }
.informe-web .wrap { max-width:860px; margin:0 auto; padding-left:28px; padding-right:28px; }
.informe-web section { padding:96px 0; }
.informe-web .eyebrow { font-size:11px; font-weight:700; letter-spacing:4px; text-transform:uppercase; color:var(--sys-azul-electrico); margin-bottom:22px; display:flex; align-items:center; gap:10px; }
.informe-web .eyebrow::before { content:''; display:block; width:24px; height:2px; background:var(--sys-azul-electrico); flex-shrink:0; }
.informe-web h1 { font-size:clamp(38px,7vw,64px); font-weight:800; letter-spacing:-1.5px; color:#fff; line-height:1.04; }
.informe-web h2 { font-size:clamp(24px,4vw,38px); font-weight:800; letter-spacing:-0.8px; color:#fff; margin-bottom:20px; line-height:1.1; }
.informe-web p { font-size:16px; line-height:1.7; }
.informe-web .lead { font-size:18px; line-height:1.65; color:rgba(255,255,255,0.82); }
.informe-web .muted { color:rgba(255,255,255,0.55); }
.informe-web .hl { color:var(--sys-celeste); }
.informe-web .reveal { opacity:0; transform:translateY(18px); transition:opacity .75s var(--ease),transform .75s var(--ease); }
.informe-web .reveal.in { opacity:1; transform:none; }
.informe-web .hero { min-height:100vh; display:grid; place-items:center; text-align:center; padding:80px 28px; position:relative; overflow:hidden; }
.informe-web .hero::before { content:''; position:absolute; inset:0; background:radial-gradient(ellipse 70% 55% at 50% 38%,rgba(33,150,243,0.09) 0%,transparent 70%); pointer-events:none; }
.informe-web .hero-inner { position:relative; z-index:1; }
.informe-web .hero img.logo { height:110px; margin:0 auto 52px; display:block; }
.informe-web .hero .tag { display:inline-block; font-size:11px; font-weight:700; letter-spacing:3px; text-transform:uppercase; color:var(--sys-azul-electrico); background:rgba(33,150,243,0.1); border:1px solid rgba(33,150,243,0.25); padding:6px 18px; border-radius:2px; margin-bottom:36px; }
.informe-web .hero .client { font-size:26px; font-weight:700; color:#fff; margin-top:28px; }
.informe-web .hero .cuit { font-size:14px; color:rgba(255,255,255,0.4); margin-top:8px; }
.informe-web .hero .meta { font-size:13px; color:rgba(255,255,255,0.4); margin-top:44px; line-height:2; }
.informe-web .gauge-wrap { margin:52px auto 0; max-width:380px; }
.informe-web .gauge-badge { display:inline-block; font-size:11px; font-weight:700; letter-spacing:2.5px; text-transform:uppercase; padding:5px 16px; border-radius:2px; margin-top:14px; }
.informe-web .gauge-label { font-size:12px; font-weight:600; letter-spacing:1.5px; text-transform:uppercase; color:rgba(255,255,255,0.45); margin-top:8px; }
.informe-web .loom-section { padding-top:0; }
.informe-web .loom-section iframe { width:100%; aspect-ratio:16/9; border:0; border-radius:3px; box-shadow:0 8px 32px rgba(0,0,0,0.22); }
.informe-web .cardrow { display:grid; grid-template-columns:repeat(auto-fit,minmax(200px,1fr)); gap:16px; margin-top:48px; }
.informe-web .card { background:#fff; border-top:3px solid var(--sys-azul-electrico); border-radius:3px; padding:32px 24px; text-align:center; box-shadow:0 8px 32px rgba(0,0,0,0.22),0 1px 4px rgba(0,0,0,0.12); transition:transform .3s var(--ease),box-shadow .3s var(--ease); }
.informe-web .card:hover { transform:translateY(-4px); box-shadow:0 20px 48px rgba(0,0,0,0.3); }
.informe-web .card .num { font-size:54px; font-weight:800; letter-spacing:-2px; line-height:1; color:var(--sys-azul-electrico); }
.informe-web .card .num.bad { color:var(--sys-rojo); }
.informe-web .card .num.warn { color:var(--sys-naranja); }
.informe-web .card .num.ok { color:var(--sys-verde); }
.informe-web .card .num span { font-size:20px; color:var(--sys-gris-neutro); font-weight:600; letter-spacing:0; }
.informe-web .card .label { font-size:13px; font-weight:600; color:var(--sys-azul-medio); margin-top:12px; line-height:1.45; }
.informe-web .score-list { margin-top:44px; display:flex; flex-direction:column; gap:8px; }
.informe-web .score-row { display:grid; grid-template-columns:1fr auto; gap:20px; align-items:center; background:rgba(255,255,255,0.03); border:1px solid rgba(255,255,255,0.07); border-left:3px solid transparent; border-radius:3px; padding:14px 20px; transition:background .2s; }
.informe-web .score-row:hover { background:rgba(255,255,255,0.055); }
.informe-web .score-row.r { border-left-color:var(--sys-rojo); }
.informe-web .score-row.o { border-left-color:var(--sys-naranja); }
.informe-web .score-row.g { border-left-color:var(--sys-verde); }
.informe-web .score-info .name { font-size:14px; font-weight:600; color:rgba(255,255,255,0.9); }
.informe-web .score-info .detail { font-size:11px; color:rgba(255,255,255,0.42); margin-top:4px; }
.informe-web .score-right { display:flex; align-items:center; gap:14px; }
.informe-web .bar { width:140px; height:6px; background:rgba(255,255,255,0.08); border-radius:3px; overflow:hidden; }
.informe-web .bar i { display:block; height:100%; width:0; border-radius:3px; transition:width 1.2s var(--ease); }
.informe-web .score-row.r .bar i { background:var(--sys-rojo); }
.informe-web .score-row.o .bar i { background:var(--sys-naranja); }
.informe-web .score-row.g .bar i { background:var(--sys-verde); }
.informe-web .score-val { font-size:18px; font-weight:800; font-variant-numeric:tabular-nums; min-width:34px; text-align:right; }
.informe-web .score-row.r .score-val { color:var(--sys-rojo); }
.informe-web .score-row.o .score-val { color:var(--sys-naranja); }
.informe-web .score-row.g .score-val { color:var(--sys-verde); }
.informe-web .legend { margin-top:24px; font-size:13px; color:rgba(255,255,255,0.48); border-left:2px solid rgba(255,255,255,0.1); padding-left:14px; }
.informe-web .risks { display:grid; grid-template-columns:1fr 1fr; gap:16px; margin-top:48px; }
.informe-web .risk { background:rgba(255,255,255,0.03); border:1px solid rgba(255,255,255,0.07); border-left:4px solid var(--sys-rojo); border-radius:3px; padding:28px 26px; position:relative; overflow:hidden; transition:background .2s,transform .3s var(--ease); }
.informe-web .risk:hover { background:rgba(255,255,255,0.055); transform:translateY(-2px); }
.informe-web .risk .wm { position:absolute; right:-6px; top:-18px; font-size:120px; font-weight:800; color:rgba(255,255,255,0.025); line-height:1; pointer-events:none; user-select:none; }
.informe-web .risk .n { font-size:10px; font-weight:700; letter-spacing:3px; text-transform:uppercase; color:var(--sys-rojo); margin-bottom:12px; }
.informe-web .risk h3 { font-size:17px; font-weight:700; color:#fff; margin-bottom:12px; line-height:1.3; }
.informe-web .risk p { font-size:14px; color:rgba(255,255,255,0.7); line-height:1.6; }
.informe-web .risk .ev { font-size:11px; color:rgba(255,255,255,0.36); margin-top:16px; font-style:italic; }
.informe-web .fix-grid { display:grid; grid-template-columns:1fr 1fr; gap:16px; margin-top:48px; }
.informe-web .fix { background:#fff; border-radius:3px; padding:28px 24px; border-top:3px solid var(--sys-azul-electrico); box-shadow:0 8px 32px rgba(0,0,0,0.22); transition:transform .3s var(--ease),box-shadow .3s var(--ease); }
.informe-web .fix:hover { transform:translateY(-3px); box-shadow:0 18px 48px rgba(0,0,0,0.28); }
.informe-web .fix h3 { font-size:16px; font-weight:700; color:var(--sys-azul-profundo); display:flex; align-items:baseline; gap:6px; flex-wrap:wrap; }
.informe-web .fix .badge { font-size:11px; font-weight:700; color:var(--sys-rojo); background:rgba(230,57,70,0.08); padding:2px 8px; border-radius:2px; }
.informe-web .fix .badge.warn { color:var(--sys-naranja); background:rgba(243,156,18,0.08); }
.informe-web .fix .badge.ok { color:var(--sys-verde); background:rgba(39,174,96,0.08); }
.informe-web .fix ul { list-style:none; margin-top:18px; }
.informe-web .fix li { font-size:13px; line-height:1.55; color:var(--sys-azul-medio); padding-left:18px; position:relative; margin-bottom:10px; }
.informe-web .fix li::before { content:''; position:absolute; left:0; top:6px; width:7px; height:7px; background:var(--sys-azul-electrico); border-radius:1px; }
.informe-web .callout { margin-top:32px; background:rgba(33,150,243,0.07); border:1px solid rgba(33,150,243,0.18); border-left:4px solid var(--sys-azul-electrico); border-radius:3px; padding:26px 30px; }
.informe-web .callout p { font-size:15px; color:rgba(255,255,255,0.88); }
.informe-web .callout-green { margin-top:32px; background:rgba(39,174,96,0.07); border:1px solid rgba(39,174,96,0.18); border-left:4px solid var(--sys-verde); border-radius:3px; padding:26px 30px; }
.informe-web .callout-green p { font-size:15px; color:rgba(255,255,255,0.88); }
.informe-web .tl-h { display:grid; margin-top:64px; position:relative; }
.informe-web .tl-h::before { content:''; position:absolute; top:9px; left:8%; right:8%; height:2px; background:rgba(33,150,243,0.2); }
.informe-web .tl-step { text-align:center; padding:0 8px; position:relative; }
.informe-web .tl-dot { width:20px; height:20px; border-radius:50%; background:var(--sys-azul-electrico); border:3px solid var(--sys-azul-profundo); margin:0 auto 18px; position:relative; z-index:1; box-shadow:0 0 0 4px rgba(33,150,243,0.15); }
.informe-web .tl-step .week { font-size:10px; font-weight:700; letter-spacing:1.5px; text-transform:uppercase; color:var(--sys-azul-electrico); margin-bottom:8px; }
.informe-web .tl-step h3 { font-size:14px; font-weight:700; color:#fff; margin-bottom:6px; }
.informe-web .tl-step p { font-size:12px; color:rgba(255,255,255,0.5); line-height:1.5; }
.informe-web .twocol { display:grid; grid-template-columns:1fr 1fr; gap:24px; margin-top:56px; }
.informe-web .twocol h3 { font-size:15px; font-weight:700; color:#fff; margin-bottom:12px; }
.informe-web .twocol ul { list-style:none; }
.informe-web .twocol li { font-size:14px; line-height:1.6; color:rgba(255,255,255,0.7); padding-left:18px; position:relative; margin-bottom:8px; }
.informe-web .twocol li::before { content:''; position:absolute; left:0; top:8px; width:7px; height:7px; background:var(--sys-azul-electrico); border-radius:1px; }
.informe-web .cta { text-align:center; padding:24px 0 16px; }
.informe-web .cta img.logo { height:100px; margin:0 auto 48px; display:block; }
.informe-web .firma { font-size:clamp(26px,4.5vw,44px); font-weight:800; letter-spacing:-1px; color:#fff; margin-bottom:40px; line-height:1.08; }
.informe-web .btn { display:inline-block; background:var(--sys-azul-electrico); color:#fff; font-family:var(--sys-font, 'Montserrat', Arial, sans-serif); font-size:15px; font-weight:700; padding:18px 44px; border-radius:3px; text-decoration:none; transition:transform .25s var(--ease),box-shadow .25s var(--ease); box-shadow:0 8px 28px rgba(33,150,243,0.35); }
.informe-web .btn:hover { transform:translateY(-3px); box-shadow:0 16px 44px rgba(33,150,243,0.45); }
.informe-web .contact { font-size:14px; color:rgba(255,255,255,0.48); line-height:2.3; margin-top:48px; }
.informe-web .contact a { color:var(--sys-celeste); text-decoration:none; }
.informe-web .contact a:hover { text-decoration:underline; }
.informe-web footer { border-top:1px solid rgba(255,255,255,0.07); padding:28px 0 36px; text-align:center; font-size:12px; color:rgba(255,255,255,0.3); letter-spacing:0.3px; }
@media (max-width:720px){
  .informe-web section { padding:68px 0; }
  .informe-web .risks, .informe-web .fix-grid, .informe-web .twocol { grid-template-columns:1fr; }
  .informe-web .tl-h { grid-template-columns:1fr !important; }
  .informe-web .tl-h::before { top:0; bottom:0; left:9px; right:auto; width:2px; height:auto; }
  .informe-web .tl-step { text-align:left; padding:0 0 28px 38px; position:relative; }
  .informe-web .tl-dot { position:absolute; left:0; top:0; margin:0; }
  .informe-web .score-right .bar { width:80px; }
}
</style>
<div class="informe-web">
<div class="prog" data-informe-prog=""></div>

<section class="hero wrap">
  <div class="hero-inner">
    <img class="logo" src="https://pub-9195f8a94602486395419c2bb7beab6b.r2.dev/LOGOS/sys_vertical_w.png" alt="Servicios y Sistemas">
    <div class="tag">Auditoría IT + ERP · Junio 2026</div>
    <h1>Informe de<br>Auditoría IT + ERP</h1>
    <div class="client">Fixture Form Técnico SA</div>
    <div class="cuit">CUIT 30-12345678-9</div>
    
    <div class="gauge-wrap" data-gauge-score="42">
      <svg viewBox="0 0 220 124" style="width:100%">
        <path d="M 22 108 A 88 88 0 0 1 198 108" fill="none" stroke="rgba(255,255,255,0.1)" stroke-width="16" stroke-linecap="round"/>
        <path data-gauge-arc="" d="M 22 108 A 88 88 0 0 1 198 108" fill="none" stroke="var(--sys-naranja)" stroke-width="16" stroke-linecap="round" stroke-dasharray="276.5" stroke-dashoffset="276.5" style="transition:stroke-dashoffset 1.8s var(--ease);"/>
        <text data-gauge-num="" x="110" y="92" text-anchor="middle" font-family="Montserrat,Arial" font-weight="800" font-size="52" fill="var(--sys-naranja)" letter-spacing="-1">0</text>
        <text x="110" y="114" text-anchor="middle" font-family="Montserrat,Arial" font-weight="600" font-size="13" fill="rgba(255,255,255,0.45)">de 100</text>
      </svg>
      <div class="gauge-badge" style="color:var(--sys-naranja); background:rgba(243,156,18,0.12); border:1px solid rgba(243,156,18,0.3);">REGULAR</div>
      <div class="gauge-label">Índice ERP general</div>
    </div>
    <div class="meta">Relevamiento presencial · 8 de junio de 2026 · Sistema auditado: Tango Gestión</div>
  </div>
</section>


<section class="wrap">
  <div class="reveal">
    <div class="eyebrow">01 · Resumen ejecutivo</div>
    <h2>El ERP funciona pero sin controles internos aplicados</h2>
    <p class="lead">El relevamiento muestra circuitos operativos sin controles formalizados.</p>
  </div>
  <div class="cardrow reveal">
    <div class="card">
      <div class="num warn" data-count="42">0<span>/100</span></div>
      <div class="label">Índice ERP general</div>
    </div>

    <div class="card">
      <div class="num warn" data-count="2">0<span>&nbsp;de&nbsp;9</span></div>
      <div class="label">circuitos con controles internos aplicados</div>
    </div>

    <div class="card">
      <div class="num" data-count="2">0</div>
      <div class="label">módulos Tango en uso: ventas, stock</div>
    </div>
  </div>
  <div class="reveal" style="margin-top:48px;">
    <p style="color:rgba(255,255,255,0.78);">El índice refleja un uso parcial del sistema.</p>
    <p style="margin-top:18px; color:rgba(255,255,255,0.78);">Nuestra recomendación: <strong class="hl">ordenar circuitos y activar los controles existentes</strong>.</p>
    <div class="callout-green"><p><strong style="color:var(--sys-verde);">Lo que está bien y vamos a preservar:</strong> La infraestructura de servidores está al día.</p></div>
  </div>
</section>

<section class="wrap">
  <div class="reveal">
    <div class="eyebrow">02 · Hallazgos por circuito</div>
    <h2>Qué encontramos, sección por sección</h2>
    <p class="muted">Cada circuito se evaluó en tres dimensiones: proceso documentado, controles internos y madurez operativa.</p>
  </div>
  <div class="score-list">
    <div class="score-row reveal r">
      <div class="score-info"><div class="name">Inventario de activos / hardware</div><div class="detail">Parcial · No · Manual</div></div>
      <div class="score-right"><div class="bar"><i data-w="20"></i></div><div class="score-val" data-canonical="score">20</div></div>
    </div>

    <div class="score-row reveal g">
      <div class="score-info"><div class="name">Software / licencias</div><div class="detail">Parcial · No · Manual</div></div>
      <div class="score-right"><div class="bar"><i data-w="100"></i></div><div class="score-val" data-canonical="score">100</div></div>
    </div>

    <div class="score-row reveal o">
      <div class="score-info"><div class="name">Gestión de datos</div><div class="detail">Parcial · No · Manual</div></div>
      <div class="score-right"><div class="bar"><i data-w="55"></i></div><div class="score-val" data-canonical="score">55</div></div>
    </div>
  </div>
  <div class="legend reveal"><strong>Controles manuales.</strong> El 80% de los circuitos depende de planillas.</div>
<div class="legend reveal"><strong>Sin documentación.</strong> No hay procedimientos escritos.</div>
<div class="legend reveal"><strong>Datos dispersos.</strong> La información operativa vive fuera del sistema.</div>
</section>

<section class="wrap">
  <div class="reveal">
    <div class="eyebrow">03 · Riesgos priorizados</div>
    <h2>Qué está en juego si esto sigue igual</h2>
    <p class="muted">Los riesgos surgen directamente de los hallazgos del relevamiento.</p>
  </div>
  <div class="risks">
    <div class="risk reveal">
      <div class="wm">1</div>
      <div class="n">Riesgo 1</div>
      <h3>Riesgo operativo 1</h3>
      <p>Puede generar pérdidas si no se corrige.</p>
      <div class="ev">Evidencia: Backup sin probar según relevamiento.</div>
    </div>

    <div class="risk reveal">
      <div class="wm">2</div>
      <div class="n">Riesgo 2</div>
      <h3>Riesgo operativo 2</h3>
      <p>Puede generar pérdidas si no se corrige.</p>
      <div class="ev">Evidencia: Backup sin probar según relevamiento.</div>
    </div>

    <div class="risk reveal">
      <div class="wm">3</div>
      <div class="n">Riesgo 3</div>
      <h3>Riesgo operativo 3</h3>
      <p>Puede generar pérdidas si no se corrige.</p>
      <div class="ev">Evidencia: Backup sin probar según relevamiento.</div>
    </div>

    <div class="risk reveal">
      <div class="wm">4</div>
      <div class="n">Riesgo 4</div>
      <h3>Riesgo operativo 4</h3>
      <p>Puede generar pérdidas si no se corrige.</p>
      <div class="ev">Evidencia: Backup sin probar según relevamiento.</div>
    </div>
  </div>
</section>

<section class="wrap">
  <div class="reveal">
    <div class="eyebrow">04 · Qué cambia en el día a día</div>
    <h2>Lo que Tango ya sabe hacer<br>y hoy no se usa</h2>
    <p class="muted">No hace falta desarrollo a medida: la funcionalidad ya está en el producto.</p>
  </div>
  <div class="fix-grid">
    <div class="fix reveal">
      <h3>Inventario de activos / hardware <span class="badge">hoy <span data-canonical="score">20</span>/100</span></h3>
      <ul><li><strong>Perfiles de usuario</strong>: limita qué puede hacer cada puesto.</li>
<li><strong>Tango Live</strong>: informes en línea sin planillas.</li>
<li><strong>Circuito de autorización</strong>: controles antes de emitir comprobantes.</li></ul>
    </div>

    <div class="fix reveal">
      <h3>Software / licencias <span class="badge ok">hoy <span data-canonical="score">100</span>/100</span></h3>
      <ul><li><strong>Perfiles de usuario</strong>: limita qué puede hacer cada puesto.</li>
<li><strong>Tango Live</strong>: informes en línea sin planillas.</li>
<li><strong>Circuito de autorización</strong>: controles antes de emitir comprobantes.</li></ul>
    </div>
  </div>
  <div class="callout reveal"><p>Para la dirección — Tango Live: informes en línea.</p></div>
</section>

<section class="wrap">
  <div class="reveal">
    <div class="eyebrow">05 · El plan</div>
    <h2>Plan de ordenamiento de circuitos</h2>
    <p class="lead">Se ordenan los circuitos críticos y quedan controles funcionando.</p>
  </div>
  <div class="tl-h reveal" style="grid-template-columns:repeat(3,1fr);">
    <div class="tl-step"><div class="tl-dot"></div><div class="week">Sem 1</div><h3>Relevamiento</h3><p>Circuitos objetivo.</p></div>

    <div class="tl-step"><div class="tl-dot"></div><div class="week">Sem 2–3</div><h3>Parametrización</h3><p>Módulos y permisos.</p></div>

    <div class="tl-step"><div class="tl-dot"></div><div class="week">Sem 4</div><h3>Capacitación</h3><p>Usuarios clave.</p></div>
  </div>
  <div class="twocol reveal">
    <div><h3>Qué necesitamos de Fixture Form Técnico SA</h3><ul><li>Referente del proyecto designado.</li>
<li>Datos a migrar validados.</li></ul></div>
    <div><h3>Qué no incluye esta etapa</h3><ul><li>Desarrollo a medida.</li>
<li>Integraciones con terceros.</li></ul></div>
  </div>
</section>

<section class="wrap cta">
  <div class="reveal">
    <img class="logo" src="https://pub-9195f8a94602486395419c2bb7beab6b.r2.dev/LOGOS/sys_vertical_w.png" alt="Servicios y Sistemas">
    <div class="firma">Integral de verdad.</div>
    <a class="btn" href="mailto:info@serviciosysistemas.com.ar?subject=Auditor%C3%ADa%20IT%20%2B%20ERP%20Fixture%20Form%20T%C3%A9cnico%20SA%20%E2%80%94%20pr%C3%B3ximos%20pasos">Coordinar próximos pasos</a>
    <div class="contact">
      Servicios y Sistemas SRL · Más de 30 años y +1000 implementaciones Tango en el NEA<br>
      San Martín 1180, Corrientes · +54 3794 426022<br>
      <a href="mailto:info@serviciosysistemas.com.ar">info@serviciosysistemas.com.ar</a> ·
      <a href="https://www.serviciosysistemas.com.ar">www.serviciosysistemas.com.ar</a>
    </div>
  </div>
</section>
<footer class="wrap">Informe confidencial preparado para Fixture Form Técnico SA · Junio 2026</footer>
</div>"
`;
